0x0000: 0271    li x1, 1
0x0002: 23B9    li a0, 4100
0x0004: F2A3    sw x1, -1(a0)
Store word address 0x1001 not word-aligned
0x0006: FFC7    ecall 0x3FF

--- Final State ---
x0: 0x0000
x1: 0x0001
x2: 0x0000
x3: 0x0000
x4: 0x0000
x5: 0x0000
a0: 0x1002
a1: 0x0000
PC: 0x0008
---------------------
Simulation finished.