0x0000: 0271    li x1, 1
0x0002: 21B9    li a0, 4096
0x0004: 4243    sb x1, 2(a0)
0x0006: FFC7    ecall 0x3FF

--- Final State ---
x0: 0x0000
x1: 0x0005
x2: 0x0000
x3: 0x0000
x4: 0x0000
x5: 0x0000
a0: 0x1000
a1: 0x0000
PC: 0x0008
---------------------
Simulation finished.
