0x0000: 7471    li x1, 58
0x0002: 5EB1    li x2, 47
0x0004: 8468    and x1, x2
0x0006: FFC7    ecall 0x3FF

--- Final State ---
x0: 0x0000
x1: 0x002A
x2: 0x002F
x3: 0x0000
x4: 0x0000
x5: 0x0000
a0: 0x0000
a1: 0x0000
PC: 0x0008
---------------------
Simulation finished.