0x0000: FC79    li x1, 65534
0x0002: FE49    slti x1, -1
0x0004: FFC7    ecall 0x3FF

--- Final State ---
x0: 0x0000
x1: 0x0001
x2: 0x0000
x3: 0x0000
x4: 0x0000
x5: 0x0000
a0: 0x0000
a1: 0x0000
PC: 0x0006
---------------------
Simulation finished.