0x0000: 0071    li x1, 0
0x0002: 24A2    bz x1, 0x0008
0x0006: 0271    li x1, 1
0x0008: FFC7    ecall 0x3FF

--- Final State ---
x0: 0x0000
x1: 0x0001
x2: 0x0000
x3: 0x0000
x4: 0x0000
x5: 0x0000
a0: 0x0000
a1: 0x0000
PC: 0x000A
---------------------
Simulation finished.